<html>
<body>
<pre>
<h1>µVision Build Log</h1>
<h2>Project:</h2>
C:\Users\ANGICIA\Desktop\ARM7-LPC21xx-Examples-using-Keil-IDE-master\03.BlinkTwoAltPins\LPC2148Master.uvproj
Project File Date:  09/08/2020

<h2>Output:</h2>
Build target 'Target 1'
assembling Startup.s...
compiling adc.c...
compiling delay.c...
compiling gpio.c...
compiling irq.c...
compiling Nstring.c...
compiling serial.c...
compiling i2c.c...
compiling spi.c...
compiling rtc.c...
compiling extint.c...
compiling main.c...
linking...
Program Size: Code=868 RO-data=16 RW-data=0 ZI-data=1256  
FromELF: creating hex file...
".\Objects\LPC2148Master.axf" - 0 Error(s), 0 Warning(s).
