<html>
<body>
<pre>
<h1>µVision Build Log</h1>
<h2>Project:</h2>
C:\Users\ANGICIA\Desktop\08.AND Gate\AND_Gate.uvproj
Project File Date:  09/30/2020

<h2>Output:</h2>
Build target 'Target 1'
assembling Startup.s...
compiling main.c...
main.c(17): warning:  #1-D: last line of file ends without a newline
linking...
Program Size: Code=268 RO-data=16 RW-data=0 ZI-data=1160  
FromELF: creating hex file...
"AND_Gate.axf" - 0 Error(s), 1 Warning(s).
Build target 'Target 1'
assembling Startup.s...
compiling main.c...
main.c(17): warning:  #1-D: last line of file ends without a newline
linking...
Program Size: Code=268 RO-data=16 RW-data=0 ZI-data=1160  
FromELF: creating hex file...
"AND_Gate.axf" - 0 Error(s), 1 Warning(s).
Build target 'Target 1'
assembling Startup.s...
compiling main.c...
main.c(17): warning:  #1-D: last line of file ends without a newline
linking...
Program Size: Code=268 RO-data=16 RW-data=0 ZI-data=1160  
FromELF: creating hex file...
"AND_Gate.axf" - 0 Error(s), 1 Warning(s).
Build target 'Target 1'
assembling Startup.s...
compiling main.c...
main.c(17): warning:  #1-D: last line of file ends without a newline
linking...
Program Size: Code=268 RO-data=16 RW-data=0 ZI-data=1160  
FromELF: creating hex file...
"AND_Gate.axf" - 0 Error(s), 1 Warning(s).
