<!doctype html public "-//w3c//dtd html 4.0 transitional//en">
<html><head>
<title>Static Call Graph - [.\Objects\LPC2148Master.axf]</title></head>
<body><HR>
<H1>Static Call Graph for image .\Objects\LPC2148Master.axf</H1><HR>
<BR><P>#&#060CALLGRAPH&#062# ARM Linker, RVCT4.0 [Build 524]: Last Updated: Tue Sep 08 20:07:57 2020
<BR><P>
<H3>Maximum Stack Usage =          0 bytes + Unknown(Cycles, Untraceable Function Pointers)</H3><H3>
Call chain for Maximum Stack Depth:</H3>

<P>
<H3>
Mutually Recursive functions
</H3> <LI><a href="#[42d18ec]">Undef_Handler</a>&nbsp;&nbsp;&nbsp;&rArr;&nbsp;&nbsp;&nbsp;<a href="#[42d18ec]">Undef_Handler</a><BR>
 <LI><a href="#[42d18b0]">SWI_Handler</a>&nbsp;&nbsp;&nbsp;&rArr;&nbsp;&nbsp;&nbsp;<a href="#[42d18b0]">SWI_Handler</a><BR>
 <LI><a href="#[42d1874]">PAbt_Handler</a>&nbsp;&nbsp;&nbsp;&rArr;&nbsp;&nbsp;&nbsp;<a href="#[42d1874]">PAbt_Handler</a><BR>
 <LI><a href="#[42d1838]">DAbt_Handler</a>&nbsp;&nbsp;&nbsp;&rArr;&nbsp;&nbsp;&nbsp;<a href="#[42d1838]">DAbt_Handler</a><BR>
 <LI><a href="#[42d17fc]">IRQ_Handler</a>&nbsp;&nbsp;&nbsp;&rArr;&nbsp;&nbsp;&nbsp;<a href="#[42d17fc]">IRQ_Handler</a><BR>
 <LI><a href="#[42d17c0]">FIQ_Handler</a>&nbsp;&nbsp;&nbsp;&rArr;&nbsp;&nbsp;&nbsp;<a href="#[42d17c0]">FIQ_Handler</a><BR>
</UL>
<P>
<H3>
Function Pointers
</H3><UL>
 <LI><a href="#[42d16d0]">Reset_Handler</a>
 <LI><a href="#[42d18ec]">Undef_Handler</a>
 <LI><a href="#[42d18b0]">SWI_Handler</a>
 <LI><a href="#[42d1874]">PAbt_Handler</a>
 <LI><a href="#[42d1838]">DAbt_Handler</a>
 <LI><a href="#[42d17fc]">IRQ_Handler</a>
 <LI><a href="#[42d17c0]">FIQ_Handler</a>
 <LI><a href="#[42ce3f4]">__main</a>
 <LI><a href="#[42cf2f4]">main</a>
 <LI><a href="#[42c969c]">__I$use$semihosting</a>
</UL>
<P>
<H3>
Global Symbols
</H3>
<P><STRONG><a name="[42d16d0]"></a>Reset_Handler</STRONG> (ARM, 0 bytes, Stack size 0 bytes, startup.o(RESET))
<BR>[Address Reference Count : 1]<UL><LI> startup.o(RESET)
</UL>
<P><STRONG><a name="[42ce3f4]"></a>__main</STRONG> (ARM, 8 bytes, Stack size 0 bytes, __main.o(!!!main))
<BR><BR>[Calls]<UL><LI><a href="#[42c7608]">&gt;&gt;</a>&nbsp;&nbsp;&nbsp;__scatterload
<LI><a href="#[42cdd28]">&gt;&gt;</a>&nbsp;&nbsp;&nbsp;__rt_entry
</UL>

<P><STRONG><a name="[42c7608]"></a>__scatterload</STRONG> (ARM, 0 bytes, Stack size 0 bytes, __scatter.o(!!!scatter))
<BR><BR>[Called By]<UL><LI><a href="#[42ce3f4]">&gt;&gt;</a>&nbsp;&nbsp;&nbsp;__main
</UL>

<P><STRONG><a name="[42c75cc]"></a>__scatterload_rt2</STRONG> (ARM, 52 bytes, Stack size 0 bytes, __scatter.o(!!!scatter), UNUSED)
<BR><BR>[Calls]<UL><LI><a href="#[42cdd28]">&gt;&gt;</a>&nbsp;&nbsp;&nbsp;__rt_entry
</UL>

<P><STRONG><a name="[42cc39c]"></a>__rt_lib_init</STRONG> (Thumb, 0 bytes, Stack size 0 bytes, libinit.o(.ARM.Collect$$libinit$$00000000))
<BR><BR>[Calls]<UL><LI><a href="#[42c9f48]">&gt;&gt;</a>&nbsp;&nbsp;&nbsp;_fp_init (via Veneer)
</UL>
<BR>[Called By]<UL><LI><a href="#[42cd044]">&gt;&gt;</a>&nbsp;&nbsp;&nbsp;__rt_entry_li (via Veneer)
</UL>

<P><STRONG><a name="[42c8b5c]"></a>__rt_lib_shutdown</STRONG> (Thumb, 0 bytes, Stack size 0 bytes, libshutdown.o(.ARM.Collect$$libshutdown$$00000000))
<BR><BR>[Called By]<UL><LI><a href="#[42c9c78]">&gt;&gt;</a>&nbsp;&nbsp;&nbsp;__rt_exit_ls (via Veneer)
</UL>

<P><STRONG><a name="[42cdd28]"></a>__rt_entry</STRONG> (ARM, 0 bytes, Stack size 0 bytes, rtentry.o(.ARM.Collect$$rtentry$$00000000))
<BR><BR>[Called By]<UL><LI><a href="#[42c75cc]">&gt;&gt;</a>&nbsp;&nbsp;&nbsp;__scatterload_rt2
<LI><a href="#[42ce3f4]">&gt;&gt;</a>&nbsp;&nbsp;&nbsp;__main
</UL>

<P><STRONG><a name="[42ccd74]"></a>__rt_entry_sh</STRONG> (ARM, 0 bytes, Stack size 0 bytes, rtentry4.o(.ARM.Collect$$rtentry$$00000004))
<BR><BR>[Calls]<UL><LI><a href="#[42cca2c]">&gt;&gt;</a>&nbsp;&nbsp;&nbsp;__user_setup_stackheap
</UL>

<P><STRONG><a name="[42cd044]"></a>__rt_entry_li</STRONG> (ARM, 0 bytes, Stack size 0 bytes, rtentry2.o(.ARM.Collect$$rtentry$$0000000A))
<BR><BR>[Calls]<UL><LI><a href="#[42cc39c]">&gt;&gt;</a>&nbsp;&nbsp;&nbsp;__rt_lib_init (via Veneer)
</UL>

<P><STRONG><a name="[42ccf90]"></a>__rt_entry_main</STRONG> (ARM, 0 bytes, Stack size 0 bytes, rtentry2.o(.ARM.Collect$$rtentry$$0000000D))
<BR><BR>[Calls]<UL><LI><a href="#[42cc900]">&gt;&gt;</a>&nbsp;&nbsp;&nbsp;exit (via BX)
</UL>

<P><STRONG><a name="[42cbc58]"></a>__rt_exit</STRONG> (ARM, 0 bytes, Stack size 0 bytes, rtexit.o(.ARM.Collect$$rtexit$$00000000))
<BR><BR>[Called By]<UL><LI><a href="#[42cc900]">&gt;&gt;</a>&nbsp;&nbsp;&nbsp;exit (via Veneer)
</UL>

<P><STRONG><a name="[42c9c78]"></a>__rt_exit_ls</STRONG> (ARM, 0 bytes, Stack size 0 bytes, rtexit2.o(.ARM.Collect$$rtexit$$00000003))
<BR><BR>[Calls]<UL><LI><a href="#[42c8b5c]">&gt;&gt;</a>&nbsp;&nbsp;&nbsp;__rt_lib_shutdown (via Veneer)
</UL>

<P><STRONG><a name="[42c9c3c]"></a>__rt_exit_exit</STRONG> (ARM, 0 bytes, Stack size 0 bytes, rtexit2.o(.ARM.Collect$$rtexit$$00000004))
<BR><BR>[Calls]<UL><LI><a href="#[42c9e94]">&gt;&gt;</a>&nbsp;&nbsp;&nbsp;_sys_exit
</UL>

<P><STRONG><a name="[42d170c]"></a>__user_initial_stackheap</STRONG> (ARM, 0 bytes, Stack size 0 bytes, startup.o(.text))
<BR><BR>[Called By]<UL><LI><a href="#[42cca2c]">&gt;&gt;</a>&nbsp;&nbsp;&nbsp;__user_setup_stackheap
</UL>

<P><STRONG><a name="[42cca2c]"></a>__user_setup_stackheap</STRONG> (ARM, 96 bytes, Stack size 0 bytes, sys_stackheap_outer.o(.text))
<BR><BR>[Calls]<UL><LI><a href="#[42cbd48]">&gt;&gt;</a>&nbsp;&nbsp;&nbsp;__user_perproc_libspace
<LI><a href="#[42d170c]">&gt;&gt;</a>&nbsp;&nbsp;&nbsp;__user_initial_stackheap
</UL>
<BR>[Called By]<UL><LI><a href="#[42ccd74]">&gt;&gt;</a>&nbsp;&nbsp;&nbsp;__rt_entry_sh
</UL>

<P><STRONG><a name="[42cc900]"></a>exit</STRONG> (Thumb, 12 bytes, Stack size 0 bytes, exit.o(.text))
<BR><BR>[Calls]<UL><LI><a href="#[42cbc58]">&gt;&gt;</a>&nbsp;&nbsp;&nbsp;__rt_exit (via Veneer)
<LI><a href="#[42cc888]">&gt;&gt;</a>&nbsp;&nbsp;&nbsp;_call_atexit_fns (Weak Reference)
</UL>
<BR>[Called By]<UL><LI><a href="#[42ccf90]">&gt;&gt;</a>&nbsp;&nbsp;&nbsp;__rt_entry_main
</UL>

<P><STRONG><a name="[42cbd48]"></a>__user_perproc_libspace</STRONG> (ARM, 0 bytes, Stack size 0 bytes, libspace.o(.text))
<BR><BR>[Called By]<UL><LI><a href="#[42cca2c]">&gt;&gt;</a>&nbsp;&nbsp;&nbsp;__user_setup_stackheap
</UL>

<P><STRONG><a name="[42c9e94]"></a>_sys_exit</STRONG> (ARM, 20 bytes, Stack size 0 bytes, sys_exit.o(.text))
<BR><BR>[Called By]<UL><LI><a href="#[42c9c3c]">&gt;&gt;</a>&nbsp;&nbsp;&nbsp;__rt_exit_exit
</UL>

<P><STRONG><a name="[42c969c]"></a>__I$use$semihosting</STRONG> (ARM, 0 bytes, Stack size 0 bytes, use_no_semi.o(.text))
<BR>[Address Reference Count : 1]<UL><LI> sys_exit.o(.text)
</UL>
<P><STRONG><a name="[42cf330]"></a>delayms</STRONG> (ARM, 48 bytes, Stack size 0 bytes, main.o(i.delayms))
<BR><BR>[Called By]<UL><LI><a href="#[42cf2f4]">&gt;&gt;</a>&nbsp;&nbsp;&nbsp;main
</UL>

<P><STRONG><a name="[42cf2f4]"></a>main</STRONG> (ARM, 76 bytes, Stack size 0 bytes, main.o(i.main))
<BR><BR>[Calls]<UL><LI><a href="#[42cf330]">&gt;&gt;</a>&nbsp;&nbsp;&nbsp;delayms
</UL>
<BR>[Address Reference Count : 1]<UL><LI> rtentry2.o(.ARM.Collect$$rtentry$$0000000D)
</UL>
<P><STRONG><a name="[42c9f48]"></a>_fp_init</STRONG> (ARM, 4 bytes, Stack size 0 bytes, fpinit.o(x$fpl$fpinit))
<BR><BR>[Called By]<UL><LI><a href="#[42cc39c]">&gt;&gt;</a>&nbsp;&nbsp;&nbsp;__rt_lib_init (via Veneer)
</UL>
<P>
<H3>
Local Symbols
</H3>
<P><STRONG><a name="[42d18ec]"></a>Undef_Handler</STRONG> (ARM, 4 bytes, Stack size 0 bytes, startup.o(RESET))
<BR><BR>[Calls]<UL><LI><a href="#[42d18ec]">&gt;&gt;</a>&nbsp;&nbsp;&nbsp;Undef_Handler
</UL>
<BR>[Called By]<UL><LI><a href="#[42d18ec]">&gt;&gt;</a>&nbsp;&nbsp;&nbsp;Undef_Handler
</UL>
<BR>[Address Reference Count : 1]<UL><LI> startup.o(RESET)
</UL>
<P><STRONG><a name="[42d18b0]"></a>SWI_Handler</STRONG> (ARM, 4 bytes, Stack size 0 bytes, startup.o(RESET))
<BR><BR>[Calls]<UL><LI><a href="#[42d18b0]">&gt;&gt;</a>&nbsp;&nbsp;&nbsp;SWI_Handler
</UL>
<BR>[Called By]<UL><LI><a href="#[42d18b0]">&gt;&gt;</a>&nbsp;&nbsp;&nbsp;SWI_Handler
</UL>
<BR>[Address Reference Count : 1]<UL><LI> startup.o(RESET)
</UL>
<P><STRONG><a name="[42d1874]"></a>PAbt_Handler</STRONG> (ARM, 4 bytes, Stack size 0 bytes, startup.o(RESET))
<BR><BR>[Calls]<UL><LI><a href="#[42d1874]">&gt;&gt;</a>&nbsp;&nbsp;&nbsp;PAbt_Handler
</UL>
<BR>[Called By]<UL><LI><a href="#[42d1874]">&gt;&gt;</a>&nbsp;&nbsp;&nbsp;PAbt_Handler
</UL>
<BR>[Address Reference Count : 1]<UL><LI> startup.o(RESET)
</UL>
<P><STRONG><a name="[42d1838]"></a>DAbt_Handler</STRONG> (ARM, 4 bytes, Stack size 0 bytes, startup.o(RESET))
<BR><BR>[Calls]<UL><LI><a href="#[42d1838]">&gt;&gt;</a>&nbsp;&nbsp;&nbsp;DAbt_Handler
</UL>
<BR>[Called By]<UL><LI><a href="#[42d1838]">&gt;&gt;</a>&nbsp;&nbsp;&nbsp;DAbt_Handler
</UL>
<BR>[Address Reference Count : 1]<UL><LI> startup.o(RESET)
</UL>
<P><STRONG><a name="[42d17fc]"></a>IRQ_Handler</STRONG> (ARM, 4 bytes, Stack size 0 bytes, startup.o(RESET))
<BR><BR>[Calls]<UL><LI><a href="#[42d17fc]">&gt;&gt;</a>&nbsp;&nbsp;&nbsp;IRQ_Handler
</UL>
<BR>[Called By]<UL><LI><a href="#[42d17fc]">&gt;&gt;</a>&nbsp;&nbsp;&nbsp;IRQ_Handler
</UL>
<BR>[Address Reference Count : 1]<UL><LI> startup.o(RESET)
</UL>
<P><STRONG><a name="[42d17c0]"></a>FIQ_Handler</STRONG> (ARM, 4 bytes, Stack size 0 bytes, startup.o(RESET))
<BR><BR>[Calls]<UL><LI><a href="#[42d17c0]">&gt;&gt;</a>&nbsp;&nbsp;&nbsp;FIQ_Handler
</UL>
<BR>[Called By]<UL><LI><a href="#[42d17c0]">&gt;&gt;</a>&nbsp;&nbsp;&nbsp;FIQ_Handler
</UL>
<BR>[Address Reference Count : 1]<UL><LI> startup.o(RESET)
</UL><P>
<H3>
Undefined Global Symbols
</H3>
<P><STRONG><a name="[42cc888]"></a>_call_atexit_fns</STRONG> (ARM, 0 bytes, Stack size 0 bytes, UNDEFINED)
<BR><BR>[Called By]<UL><LI><a href="#[42cc900]">&gt;&gt;</a>&nbsp;&nbsp;&nbsp;exit
</UL>
<HR></body></html>
