<html>
<body>
<pre>
<h1>µVision Build Log</h1>
<h2>Project:</h2>
C:\Users\ANGICIA\Desktop\06.Button\06.Button.uvproj
Project File Date:  09/18/2020

<h2>Output:</h2>
Build target 'Target 1'
assembling Startup.s...
compiling main.c...
main.c(15): warning:  #111-D: statement is unreachable
main.c(16): warning:  #1-D: last line of file ends without a newline
linking...
Program Size: Code=504 RO-data=16 RW-data=0 ZI-data=1256  
FromELF: creating hex file...
"06.Button.axf" - 0 Error(s), 2 Warning(s).
Build target 'Target 1'
assembling Startup.s...
compiling main.c...
main.c(15): warning:  #1-D: last line of file ends without a newline
linking...
Program Size: Code=504 RO-data=16 RW-data=0 ZI-data=1256  
FromELF: creating hex file...
"06.Button.axf" - 0 Error(s), 1 Warning(s).
Build target 'Target 1'
assembling Startup.s...
compiling main.c...
main.c(15): warning:  #1-D: last line of file ends without a newline
linking...
Program Size: Code=504 RO-data=16 RW-data=0 ZI-data=1256  
FromELF: creating hex file...
"06.Button.axf" - 0 Error(s), 1 Warning(s).
Build target 'Target 1'
assembling Startup.s...
compiling main.c...
main.c(15): warning:  #1-D: last line of file ends without a newline
linking...
Program Size: Code=504 RO-data=16 RW-data=0 ZI-data=1256  
FromELF: creating hex file...
"06.Button.axf" - 0 Error(s), 1 Warning(s).
Build target 'Target 1'
assembling Startup.s...
compiling main.c...
main.c(15): warning:  #1-D: last line of file ends without a newline
linking...
Program Size: Code=504 RO-data=16 RW-data=0 ZI-data=1256  
FromELF: creating hex file...
"06.Button.axf" - 0 Error(s), 1 Warning(s).
Build target 'Target 1'
assembling Startup.s...
compiling main.c...
main.c(15): warning:  #1-D: last line of file ends without a newline
linking...
Program Size: Code=504 RO-data=16 RW-data=0 ZI-data=1256  
FromELF: creating hex file...
"06.Button.axf" - 0 Error(s), 1 Warning(s).
Build target 'Target 1'
assembling Startup.s...
compiling main.c...
main.c(15): warning:  #1-D: last line of file ends without a newline
linking...
Program Size: Code=504 RO-data=16 RW-data=0 ZI-data=1256  
FromELF: creating hex file...
"06.Button.axf" - 0 Error(s), 1 Warning(s).
Build target 'Target 1'
assembling Startup.s...
compiling main.c...
main.c(18): warning:  #1-D: last line of file ends without a newline
linking...
Program Size: Code=528 RO-data=16 RW-data=0 ZI-data=1256  
FromELF: creating hex file...
"06.Button.axf" - 0 Error(s), 1 Warning(s).
Build target 'Target 1'
assembling Startup.s...
compiling main.c...
main.c(1): error:  #77-D: this declaration has no storage class or type specifier
main.c(1): error:  #65: expected a ";"
main.c(18): warning:  #1-D: last line of file ends without a newline
main.c(18): warning: At end of source:  #12-D: parsing restarts here after previous syntax error
Target not created
Build target 'Target 1'
assembling Startup.s...
compiling main.c...
main.c(16): warning:  #111-D: statement is unreachable
main.c(17): warning:  #1-D: last line of file ends without a newline
linking...
Program Size: Code=528 RO-data=16 RW-data=0 ZI-data=1256  
FromELF: creating hex file...
"06.Button.axf" - 0 Error(s), 2 Warning(s).
Build target 'Target 1'
compiling main.c...
main.c(16): warning:  #1-D: last line of file ends without a newline
linking...
Program Size: Code=528 RO-data=16 RW-data=0 ZI-data=1256  
FromELF: creating hex file...
"06.Button.axf" - 0 Error(s), 1 Warning(s).
Build target 'Target 1'
assembling Startup.s...
compiling main.c...
main.c(16): warning:  #1-D: last line of file ends without a newline
linking...
Program Size: Code=528 RO-data=16 RW-data=0 ZI-data=1256  
FromELF: creating hex file...
"06.Button.axf" - 0 Error(s), 1 Warning(s).
Build target 'Target 1'
assembling Startup.s...
compiling main.c...
main.c(16): warning:  #1-D: last line of file ends without a newline
linking...
Program Size: Code=528 RO-data=16 RW-data=0 ZI-data=1256  
FromELF: creating hex file...
"06.Button.axf" - 0 Error(s), 1 Warning(s).
Build target 'Target 1'
assembling Startup.s...
compiling main.c...
main.c(16): warning:  #1-D: last line of file ends without a newline
linking...
Program Size: Code=528 RO-data=16 RW-data=0 ZI-data=1256  
FromELF: creating hex file...
"06.Button.axf" - 0 Error(s), 1 Warning(s).
Build target 'Target 1'
assembling Startup.s...
compiling main.c...
main.c(16): warning:  #111-D: statement is unreachable
main.c(17): warning:  #1-D: last line of file ends without a newline
linking...
Program Size: Code=528 RO-data=16 RW-data=0 ZI-data=1256  
FromELF: creating hex file...
"06.Button.axf" - 0 Error(s), 2 Warning(s).
Build target 'Target 1'
assembling Startup.s...
compiling main.c...
main.c(16): warning:  #111-D: statement is unreachable
main.c(17): warning:  #1-D: last line of file ends without a newline
linking...
Program Size: Code=528 RO-data=16 RW-data=0 ZI-data=1256  
FromELF: creating hex file...
"06.Button.axf" - 0 Error(s), 2 Warning(s).
